---
source: tests/my_tests.rs
expression: solutions_string
---
cut; cat; cot
