---
source: tests/my_tests.rs
expression: solutions_string
---
aback; abaft; abaxially; abeam; abed; abjectly; ably; abnormally; aboard; abominably
