---
source: tests/my_tests.rs
expression: solutions_string
---
earth; world
