---
source: tests/my_tests.rs
expression: solutions_string
---
aalii; aardvark; aardwolf; aba; abaca; abacus; abalone; abamp; abampere; abandon
