---
source: tests/my_tests.rs
expression: solutions_string
---
desserts : destress; desserts : stressed; desserts : dress set
