---
source: tests/my_tests.rs
expression: solutions_string
---
square; foursquare; zigzag; passing; double; long; apropos; fast; homeward; left
