---
source: tests/my_tests.rs
expression: solutions_string
---
bound; bend; bead; bouldered; based; blessed; bedimmed; bifid; behind; bigmouthed
