---
source: tests/my_tests.rs
expression: solutions_string
---
clint eastwood : lot wainscoted; clint eastwood : twat colonised; clint eastwood : watt colonised; clint eastwood : anecdotist low; clint eastwood : station cowled; clint eastwood : dowel oscitant; clint eastwood : swoon latticed
