---
source: tests/my_tests.rs
expression: solutions_string
---
out; pat; pop
