---
source: tests/my_tests.rs
expression: solutions_string
---
aalii; aaron; abaca; aback; abaft; abamp; abase; abash; abate; abaya
