---
source: tests/my_tests.rs
expression: solutions_string
---
wainscoted lot; colonised twat; colonised watt; desolation cwt; lacewood stint; downcast eliot; anecdotist low; anecdotist owl; dislocate town; dislocate wont
