---
source: tests/my_tests.rs
expression: solutions_string
---
whole; individual; mortal; native; nutrient; infinite; rallying; touching; incoming; winning
