---
source: tests/my_tests.rs
expression: solutions_string
---
thing; whole; being; dwarf; biont; cause; beast; brute; fauna; plant
