---
source: tests/my_tests.rs
expression: solutions_string
---
cut flip; cut flop; cut flap; cat flip; cat flop; cat flap; cot flip; cot flop; cot flap; cwt flip
