---
source: tests/my_tests.rs
expression: solutions_string
---
aalii; abaca; abamp; abaya; abbot; abele; abode; abohm; abort; above
