---
source: tests/my_tests.rs
expression: solutions_string
---
sean aguirre : a rare genius; sean aguirre : a rear genius
