---
source: tests/my_tests.rs
expression: solutions_string
---
red bat : bad ret; red bat : dab ret; red bat : arb Ted; red bat : bar Ted; red bat : bra Ted; red bat : bed art; red bat : bed Art; red bat : bed rat; red bat : bed tar; red bat : deb art
