---
source: tests/my_tests.rs
expression: solutions_string
---
radioactivity; sanguification; nondevelopment; thermocoagulation; lachrymation; demagnetisation; thrombolysis; carbonization; distillment; zymolysis
