---
source: tests/my_tests.rs
expression: solutions_string
---
clint eastwood : a stoic letdown; clint eastwood : a stenotic wold; clint eastwood : a second wittol; clint eastwood : a wilted nostoc; clint eastwood : a twisted colon
