---
source: tests/my_tests.rs
expression: solutions_string
---
score; signal; account; reason; urge; occasion; charge; ground; bottleneck; funnel
