---
source: tests/my_tests.rs
expression: solutions_string
---
bid; bed; bad; bod; bud
