---
source: tests/my_tests.rs
expression: solutions_string
---
clint eastwood : wainscoted lot; clint eastwood : colonised twat; clint eastwood : colonised watt; clint eastwood : colonised Watt; clint eastwood : desolation cwt; clint eastwood : lacewood stint; clint eastwood : downcast Eliot; clint eastwood : anecdotist low; clint eastwood : anecdotist owl; clint eastwood : dislocate town
