---
source: tests/my_tests.rs
expression: solutions_string
---
clint eastwood : wainscoted lot; clint eastwood : colonised twat; clint eastwood : downcast eliot; clint eastwood : cowled station; clint eastwood : oscitant dowel; clint eastwood : latticed swoon
