---
source: tests/my_tests.rs
expression: solutions_string
---
mania; score; pearl; block; conic; prism; notch; droop; crook; brink
