---
source: tests/my_tests.rs
expression: solutions_string
---
entity benthos; entity someone; entity article; entity feeling; entity process; entity measure; entity exploit; entity contact; entity traffic; entity playing
