---
source: tests/my_tests.rs
expression: solutions_string
---
entity; object; benthos; someone; mortal; animal; native; matter; article; noesis
