---
source: tests/my_tests.rs
expression: solutions_string
---
aah; abacinate; abandon; abase; abash; abate; abbreviate; abdicate; abduce; abduct
